  Determinando os projetos a serem restaurados...
  Todos os projetos est├úo atualizados para restaura├º├úo.
  FileEmbed -> D:\workspace\2025\novo\ClassicUO\external\FileEmbed\FileEmbed\bin\Debug\netstandard2.0\FileEmbed.dll
  No property overrides found at 'FNA.Settings.props'
  FNA.Core -> D:\workspace\2025\novo\ClassicUO\external\FNA\bin\Debug\net8.0\FNA.dll
  ClassicUO.Utility -> D:\workspace\2025\novo\ClassicUO\src\ClassicUO.Utility\bin\Debug\net10.0\ClassicUO.Utility.dll
  MP3Sharp -> D:\workspace\2025\novo\ClassicUO\external\MP3Sharp\MP3Sharp\bin\Debug\netstandard2.0\MP3Sharp.dll
  ClassicUO.IO -> D:\workspace\2025\novo\ClassicUO\src\ClassicUO.IO\bin\Debug\net10.0\ClassicUO.IO.dll
  ClassicUO.Assets -> D:\workspace\2025\novo\ClassicUO\src\ClassicUO.Assets\bin\Debug\net10.0\ClassicUO.Assets.dll
  ClassicUO.Renderer -> D:\workspace\2025\novo\ClassicUO\src\ClassicUO.Renderer\bin\Debug\net10.0\ClassicUO.Renderer.dll
D:\workspace\2025\novo\ClassicUO\src\ClassicUO.Client\Game\UI\Controls\HueDisplay.cs(22,17): error CS0246: O nome do tipo ou do namespace "Texture2D" n├úo pode ser encontrado (est├í faltando uma diretiva using ou uma refer├¬ncia de assembly?) [D:\workspace\2025\novo\ClassicUO\src\ClassicUO.Client\ClassicUO.Client.csproj]
D:\workspace\2025\novo\ClassicUO\src\ClassicUO.Client\Game\UI\Gumps\GridContainer.cs(501,72): warning CS8632: A anota├º├úo para tipos de refer├¬ncia anul├íveis deve ser usada apenas em c├│digo em um contexto de anota├º├Áes '#nullable'. [D:\workspace\2025\novo\ClassicUO\src\ClassicUO.Client\ClassicUO.Client.csproj]

FALHA da compila├º├úo.

D:\workspace\2025\novo\ClassicUO\src\ClassicUO.Client\Game\UI\Gumps\GridContainer.cs(501,72): warning CS8632: A anota├º├úo para tipos de refer├¬ncia anul├íveis deve ser usada apenas em c├│digo em um contexto de anota├º├Áes '#nullable'. [D:\workspace\2025\novo\ClassicUO\src\ClassicUO.Client\ClassicUO.Client.csproj]
D:\workspace\2025\novo\ClassicUO\src\ClassicUO.Client\Game\UI\Controls\HueDisplay.cs(22,17): error CS0246: O nome do tipo ou do namespace "Texture2D" n├úo pode ser encontrado (est├í faltando uma diretiva using ou uma refer├¬ncia de assembly?) [D:\workspace\2025\novo\ClassicUO\src\ClassicUO.Client\ClassicUO.Client.csproj]
    1 Aviso(s)
    1 Erro(s)

Tempo Decorrido 00:00:32.62
